// Jest Snapshot v1, https://goo.gl/fbAQLP

exports[`renders PurchasedGraphEl component 1`] = `
<div>
  <div
    style="width: 1750px; height: 500px; margin-left: 50px; margin-top: 50px; margin-bottom: 50px;"
  >
    <canvas
      height="150"
      role="img"
      width="300"
    />
  </div>
</div>
`;
